shari@LAPTOP-GTSGOR47 MINGW64 ~/OneDrive/Desktop/GIT
$ git --version
git version 2.47.1.windows.1

shari@LAPTOP-GTSGOR47 MINGW64 ~/OneDrive/Desktop/GIT
$ git status
fatal: not a git repository (or any of the parent directories): .git

shari@LAPTOP-GTSGOR47 MINGW64 ~/OneDrive/Desktop/GIT
$ git init
Initialized empty Git repository in C:/Users/shari/OneDrive/Desktop/GIT/.git/

shari@LAPTOP-GTSGOR47 MINGW64 ~/OneDrive/Desktop/GIT (master)
$ git status
On branch master

No commits yet

Untracked files:
  (use "git add <file>..." to include in what will be committed)
        Demo/

nothing added to commit but untracked files present (use "git add" to track)

shari@LAPTOP-GTSGOR47 MINGW64 ~/OneDrive/Desktop/GIT (master)
$ git add index.html
fatal: pathspec 'index.html' did not match any files

shari@LAPTOP-GTSGOR47 MINGW64 ~/OneDrive/Desktop/GIT (master)
$ cd demo

shari@LAPTOP-GTSGOR47 MINGW64 ~/OneDrive/Desktop/GIT/demo (master)
$ git add index.html

shari@LAPTOP-GTSGOR47 MINGW64 ~/OneDrive/Desktop/GIT/demo (master)
$ git status
On branch master

No commits yet

Changes to be committed:
  (use "git rm --cached <file>..." to unstage)
        new file:   index.html


shari@LAPTOP-GTSGOR47 MINGW64 ~/OneDrive/Desktop/GIT/demo (master)
$ git rm --cached index.html
rm 'Demo/index.html'

shari@LAPTOP-GTSGOR47 MINGW64 ~/OneDrive/Desktop/GIT/demo (master)
$ git status
On branch master

No commits yet

Untracked files:
  (use "git add <file>..." to include in what will be committed)
        ./

nothing added to commit but untracked files present (use "git add" to track)

shari@LAPTOP-GTSGOR47 MINGW64 ~/OneDrive/Desktop/GIT/demo (master)
$ git add*
git: 'add*' is not a git command. See 'git --help'.

The most similar command is
        add

shari@LAPTOP-GTSGOR47 MINGW64 ~/OneDrive/Desktop/GIT/demo (master)
$ git add *

shari@LAPTOP-GTSGOR47 MINGW64 ~/OneDrive/Desktop/GIT/demo (master)
$ git status
On branch master

No commits yet

Changes to be committed:
  (use "git rm --cached <file>..." to unstage)
        new file:   index.html


shari@LAPTOP-GTSGOR47 MINGW64 ~/OneDrive/Desktop/GIT/demo (master)
$ git rm --cached *
rm 'Demo/index.html'

shari@LAPTOP-GTSGOR47 MINGW64 ~/OneDrive/Desktop/GIT/demo (master)
$ git add -A

shari@LAPTOP-GTSGOR47 MINGW64 ~/OneDrive/Desktop/GIT/demo (master)
$ git status
On branch master

No commits yet

Changes to be committed:
  (use "git rm --cached <file>..." to unstage)
        new file:   index.html


shari@LAPTOP-GTSGOR47 MINGW64 ~/OneDrive/Desktop/GIT/demo (master)
$ git diff
diff --git a/Demo/index.html b/Demo/index.html
index c689fff..e51a47d 100644
--- a/Demo/index.html
+++ b/Demo/index.html
@@ -3,6 +3,7 @@
         <h1 style = "text-align:center;">
             Git Demo Page
         </h1>
+        <marquee>Git Topics</marquee>
         <ul>
             <li>Working Copy</li>
             <li>Working Copy</li>

shari@LAPTOP-GTSGOR47 MINGW64 ~/OneDrive/Desktop/GIT/demo (master)
$ git rm --cached index.html
error: the following file has staged content different from both the
file and the HEAD:
    Demo/index.html
(use -f to force removal)

shari@LAPTOP-GTSGOR47 MINGW64 ~/OneDrive/Desktop/GIT/demo (master)
$ git rm --cached index.html -f
rm 'Demo/index.html'

shari@LAPTOP-GTSGOR47 MINGW64 ~/OneDrive/Desktop/GIT/demo (master)
$ git status
On branch master

No commits yet

Untracked files:
  (use "git add <file>..." to include in what will be committed)
        ./

nothing added to commit but untracked files present (use "git add" to track)

shari@LAPTOP-GTSGOR47 MINGW64 ~/OneDrive/Desktop/GIT/demo (master)
$ git add *

shari@LAPTOP-GTSGOR47 MINGW64 ~/OneDrive/Desktop/GIT/demo (master)
$ git status
On branch master

No commits yet

Changes to be committed:
  (use "git rm --cached <file>..." to unstage)
        new file:   index.html


shari@LAPTOP-GTSGOR47 MINGW64 ~/OneDrive/Desktop/GIT/demo (master)
$ git diff

shari@LAPTOP-GTSGOR47 MINGW64 ~/OneDrive/Desktop/GIT/demo (master)
$ git commit -m "
> "Initial version"
> ;
> ^C

shari@LAPTOP-GTSGOR47 MINGW64 ~/OneDrive/Desktop/GIT/demo (master)
$ git commit -m "initial version"
Author identity unknown

*** Please tell me who you are.

Run

  git config --global user.email "you@example.com"
  git config --global user.name "Your Name"

to set your account's default identity.
Omit --global to set the identity only in this repository.

fatal: unable to auto-detect email address (got 'shari@LAPTOP-GTSGOR47.(none)')

shari@LAPTOP-GTSGOR47 MINGW64 ~/OneDrive/Desktop/GIT/demo (master)
$ git log
fatal: your current branch 'master' does not have any commits yet

shari@LAPTOP-GTSGOR47 MINGW64 ~/OneDrive/Desktop/GIT/demo (master)
$ git status
On branch master

No commits yet

Changes to be committed:
  (use "git rm --cached <file>..." to unstage)
        new file:   index.html


shari@LAPTOP-GTSGOR47 MINGW64 ~/OneDrive/Desktop/GIT/demo (master)
$


//
index.html
<htm>
    <body>
        <h1 style = "text-align:center;">
            Git Demo Page
        </h1>
        <marquee>Git Topics</marquee>
        <ul>
            <li>Working Copy</li>
            <li>Working Copy</li>
            <li>Working Copy</li>
        </ul>
    </body>
    <head></head>
</htm>
